   Compiling client v0.1.0 (/Users/acfrazier/experiments/274bot/.worktrees/rs2b0t-multirevision/vendor/fr-client-rust/crates/client)
error[E0308]: mismatched types
   --> crates/client/tests/revision_289_actors.rs:271:42
    |
271 |     c.player_appearance_buffer[3] = Some(Packet::new(appearance(false)));
    |                                     ---- ^^^^^^^^^^^^^^^^^^^^^^^^^^^^^^ expected `Box<Packet>`, found `Packet`
    |                                     |
    |                                     arguments to this enum variant are incorrect
    |
    = note: expected struct `Box<Packet>`
               found struct `Packet`
    = note: for more on the distinction between the stack and the heap, read https://doc.rust-lang.org/book/ch15-01-box.html, https://doc.rust-lang.org/rust-by-example/std/box.html, and https://doc.rust-lang.org/std/boxed/index.html
help: the type constructed contains `Packet` due to the type of the argument passed
   --> crates/client/tests/revision_289_actors.rs:271:37
    |
271 |     c.player_appearance_buffer[3] = Some(Packet::new(appearance(false)));
    |                                     ^^^^^------------------------------^
    |                                          |
    |                                          this argument influences the type of `Some`
note: tuple variant defined here
   --> /rustc/88d9e12ae178fab0fb5cc050a94da85685d449ea/library/core/src/option.rs:606:4
help: store this in the heap by calling `Box::new`
    |
271 |     c.player_appearance_buffer[3] = Some(Box::new(Packet::new(appearance(false))));
    |                                          +++++++++                              +

For more information about this error, try `rustc --explain E0308`.
error: could not compile `client` (test "revision_289_actors") due to 1 previous error
warning: build failed, waiting for other jobs to finish...
