   Compiling client v0.1.0 (/Users/acfrazier/experiments/274bot/.worktrees/rs2b0t-multirevision/vendor/fr-client-rust/crates/client)
    Finished `test` profile [unoptimized + debuginfo] target(s) in 4.12s
     Running unittests src/lib.rs (/Users/acfrazier/experiments/274bot/.worktrees/rs2b0t-multirevision/target/client/debug/deps/client-116207f0c42a23ac)

running 1 test
test render::backend::gpu::overlay_tests::npc_hint_production_gpu_blink_move_clear_cache_and_freeze ... ok

test result: ok. 1 passed; 0 failed; 0 ignored; 0 measured; 90 filtered out; finished in 0.42s

     Running unittests src/bin/unpack-cache.rs (/Users/acfrazier/experiments/274bot/.worktrees/rs2b0t-multirevision/target/client/debug/deps/unpack_cache-6f70714f2d12b88e)

running 0 tests

test result: ok. 0 passed; 0 failed; 0 ignored; 0 measured; 0 filtered out; finished in 0.00s

     Running tests/cache_share.rs (/Users/acfrazier/experiments/274bot/.worktrees/rs2b0t-multirevision/target/client/debug/deps/cache_share-ed4ac4d131face09)

running 0 tests

test result: ok. 0 passed; 0 failed; 0 ignored; 0 measured; 1 filtered out; finished in 0.00s

     Running tests/cache_short_circuit.rs (/Users/acfrazier/experiments/274bot/.worktrees/rs2b0t-multirevision/target/client/debug/deps/cache_short_circuit-5b9e318827e922b2)

running 0 tests

test result: ok. 0 passed; 0 failed; 0 ignored; 0 measured; 2 filtered out; finished in 0.00s

     Running tests/chat_mode.rs (/Users/acfrazier/experiments/274bot/.worktrees/rs2b0t-multirevision/target/client/debug/deps/chat_mode-a9c455f6b157aeac)

running 0 tests

test result: ok. 0 passed; 0 failed; 0 ignored; 0 measured; 4 filtered out; finished in 0.00s

     Running tests/client_build.rs (/Users/acfrazier/experiments/274bot/.worktrees/rs2b0t-multirevision/target/client/debug/deps/client_build-bfe48074434e6c30)

running 0 tests

test result: ok. 0 passed; 0 failed; 0 ignored; 0 measured; 38 filtered out; finished in 0.00s

     Running tests/client_skeleton.rs (/Users/acfrazier/experiments/274bot/.worktrees/rs2b0t-multirevision/target/client/debug/deps/client_skeleton-564394bd9bde038a)

running 0 tests

test result: ok. 0 passed; 0 failed; 0 ignored; 0 measured; 4 filtered out; finished in 0.00s

     Running tests/client_stream.rs (/Users/acfrazier/experiments/274bot/.worktrees/rs2b0t-multirevision/target/client/debug/deps/client_stream-4dc1c291c06aa38e)

running 0 tests

test result: ok. 0 passed; 0 failed; 0 ignored; 0 measured; 2 filtered out; finished in 0.00s

     Running tests/collision.rs (/Users/acfrazier/experiments/274bot/.worktrees/rs2b0t-multirevision/target/client/debug/deps/collision-ce085140aaca5735)

running 0 tests

test result: ok. 0 passed; 0 failed; 0 ignored; 0 measured; 13 filtered out; finished in 0.00s

     Running tests/config_types.rs (/Users/acfrazier/experiments/274bot/.worktrees/rs2b0t-multirevision/target/client/debug/deps/config_types-fc35695156b04b1c)

running 0 tests

test result: ok. 0 passed; 0 failed; 0 ignored; 0 measured; 8 filtered out; finished in 0.00s

     Running tests/datastruct.rs (/Users/acfrazier/experiments/274bot/.worktrees/rs2b0t-multirevision/target/client/debug/deps/datastruct-d91132b99eea5d24)

running 0 tests

test result: ok. 0 passed; 0 failed; 0 ignored; 0 measured; 16 filtered out; finished in 0.00s

     Running tests/do_action.rs (/Users/acfrazier/experiments/274bot/.worktrees/rs2b0t-multirevision/target/client/debug/deps/do_action-06eac47c983b8a33)

running 0 tests

test result: ok. 0 passed; 0 failed; 0 ignored; 0 measured; 13 filtered out; finished in 0.00s

     Running tests/draw.rs (/Users/acfrazier/experiments/274bot/.worktrees/rs2b0t-multirevision/target/client/debug/deps/draw-ffdc2deb4e593838)

running 0 tests

test result: ok. 0 passed; 0 failed; 0 ignored; 0 measured; 2 filtered out; finished in 0.00s

     Running tests/entity_move.rs (/Users/acfrazier/experiments/274bot/.worktrees/rs2b0t-multirevision/target/client/debug/deps/entity_move-f4712e459fd7b9e8)

running 0 tests

test result: ok. 0 passed; 0 failed; 0 ignored; 0 measured; 3 filtered out; finished in 0.00s

     Running tests/fade.rs (/Users/acfrazier/experiments/274bot/.worktrees/rs2b0t-multirevision/target/client/debug/deps/fade-76113ff5b9b5c14a)

running 0 tests

test result: ok. 0 passed; 0 failed; 0 ignored; 0 measured; 9 filtered out; finished in 0.00s

     Running tests/from_shared.rs (/Users/acfrazier/experiments/274bot/.worktrees/rs2b0t-multirevision/target/client/debug/deps/from_shared-961a032c3c9cb5e8)

running 0 tests

test result: ok. 0 passed; 0 failed; 0 ignored; 0 measured; 7 filtered out; finished in 0.00s

     Running tests/game_shell.rs (/Users/acfrazier/experiments/274bot/.worktrees/rs2b0t-multirevision/target/client/debug/deps/game_shell-302d06df3a7b1064)

running 0 tests

test result: ok. 0 passed; 0 failed; 0 ignored; 0 measured; 3 filtered out; finished in 0.00s

     Running tests/gens.rs (/Users/acfrazier/experiments/274bot/.worktrees/rs2b0t-multirevision/target/client/debug/deps/gens-027d9ae00d8d4be5)

running 0 tests

test result: ok. 0 passed; 0 failed; 0 ignored; 0 measured; 12 filtered out; finished in 0.00s

     Running tests/gpu_backend.rs (/Users/acfrazier/experiments/274bot/.worktrees/rs2b0t-multirevision/target/client/debug/deps/gpu_backend-77035d2c7ce8d855)

running 0 tests

test result: ok. 0 passed; 0 failed; 0 ignored; 0 measured; 10 filtered out; finished in 0.00s

     Running tests/gpu_depth.rs (/Users/acfrazier/experiments/274bot/.worktrees/rs2b0t-multirevision/target/client/debug/deps/gpu_depth-7c910af0cafb2a89)

running 0 tests

test result: ok. 0 passed; 0 failed; 0 ignored; 0 measured; 3 filtered out; finished in 0.00s

     Running tests/gpu_inject.rs (/Users/acfrazier/experiments/274bot/.worktrees/rs2b0t-multirevision/target/client/debug/deps/gpu_inject-2a7adca09e49c9e1)

running 0 tests

test result: ok. 0 passed; 0 failed; 0 ignored; 0 measured; 1 filtered out; finished in 0.00s

     Running tests/gpu_memory_profile.rs (/Users/acfrazier/experiments/274bot/.worktrees/rs2b0t-multirevision/target/client/debug/deps/gpu_memory_profile-ab95becc55cd84b1)

running 0 tests

test result: ok. 0 passed; 0 failed; 0 ignored; 0 measured; 1 filtered out; finished in 0.00s

     Running tests/gpu_mesh.rs (/Users/acfrazier/experiments/274bot/.worktrees/rs2b0t-multirevision/target/client/debug/deps/gpu_mesh-d763cd62fac1b262)

running 0 tests

test result: ok. 0 passed; 0 failed; 0 ignored; 0 measured; 10 filtered out; finished in 0.00s

     Running tests/gpu_pipelines.rs (/Users/acfrazier/experiments/274bot/.worktrees/rs2b0t-multirevision/target/client/debug/deps/gpu_pipelines-9dc5aa7a74d51d67)

running 0 tests

test result: ok. 0 passed; 0 failed; 0 ignored; 0 measured; 1 filtered out; finished in 0.00s

     Running tests/gpu_texture.rs (/Users/acfrazier/experiments/274bot/.worktrees/rs2b0t-multirevision/target/client/debug/deps/gpu_texture-01106ec29220597a)

running 0 tests

test result: ok. 0 passed; 0 failed; 0 ignored; 0 measured; 10 filtered out; finished in 0.00s

     Running tests/graphics.rs (/Users/acfrazier/experiments/274bot/.worktrees/rs2b0t-multirevision/target/client/debug/deps/graphics-8ff72f1a0bf02b0f)

running 0 tests

test result: ok. 0 passed; 0 failed; 0 ignored; 0 measured; 38 filtered out; finished in 0.00s

     Running tests/ground_input_composed.rs (/Users/acfrazier/experiments/274bot/.worktrees/rs2b0t-multirevision/target/client/debug/deps/ground_input_composed-cffacc8d3d5a53f5)

running 1 test
test gpu_ground_input_composed ... ok

test result: ok. 1 passed; 0 failed; 0 ignored; 0 measured; 6 filtered out; finished in 3.73s

     Running tests/headless.rs (/Users/acfrazier/experiments/274bot/.worktrees/rs2b0t-multirevision/target/client/debug/deps/headless-b4d9efe70d9c9c84)

running 0 tests

test result: ok. 0 passed; 0 failed; 0 ignored; 0 measured; 1 filtered out; finished in 0.00s

     Running tests/hud.rs (/Users/acfrazier/experiments/274bot/.worktrees/rs2b0t-multirevision/target/client/debug/deps/hud-175e16c88e0635db)

running 0 tests

test result: ok. 0 passed; 0 failed; 0 ignored; 0 measured; 86 filtered out; finished in 0.00s

     Running tests/iface_model.rs (/Users/acfrazier/experiments/274bot/.worktrees/rs2b0t-multirevision/target/client/debug/deps/iface_model-330762da186a206e)

running 0 tests

test result: ok. 0 passed; 0 failed; 0 ignored; 0 measured; 9 filtered out; finished in 0.00s

     Running tests/ingame.rs (/Users/acfrazier/experiments/274bot/.worktrees/rs2b0t-multirevision/target/client/debug/deps/ingame-3f9edeeb6de4d0ef)

running 0 tests

test result: ok. 0 passed; 0 failed; 0 ignored; 0 measured; 18 filtered out; finished in 0.00s

     Running tests/inject.rs (/Users/acfrazier/experiments/274bot/.worktrees/rs2b0t-multirevision/target/client/debug/deps/inject-1f4aa6c0a24a7c46)

running 0 tests

test result: ok. 0 passed; 0 failed; 0 ignored; 0 measured; 7 filtered out; finished in 0.00s

     Running tests/input.rs (/Users/acfrazier/experiments/274bot/.worktrees/rs2b0t-multirevision/target/client/debug/deps/input-2799e7cb28478408)

running 0 tests

test result: ok. 0 passed; 0 failed; 0 ignored; 0 measured; 16 filtered out; finished in 0.00s

     Running tests/isaac.rs (/Users/acfrazier/experiments/274bot/.worktrees/rs2b0t-multirevision/target/client/debug/deps/isaac-84c56925bee2547d)

running 0 tests

test result: ok. 0 passed; 0 failed; 0 ignored; 0 measured; 1 filtered out; finished in 0.00s

     Running tests/jagfile.rs (/Users/acfrazier/experiments/274bot/.worktrees/rs2b0t-multirevision/target/client/debug/deps/jagfile-695174dd28f3b252)

running 0 tests

test result: ok. 0 passed; 0 failed; 0 ignored; 0 measured; 2 filtered out; finished in 0.00s

     Running tests/leftover.rs (/Users/acfrazier/experiments/274bot/.worktrees/rs2b0t-multirevision/target/client/debug/deps/leftover-eaad1ba5e997bc2f)

running 0 tests

test result: ok. 0 passed; 0 failed; 0 ignored; 0 measured; 50 filtered out; finished in 0.00s

     Running tests/login.rs (/Users/acfrazier/experiments/274bot/.worktrees/rs2b0t-multirevision/target/client/debug/deps/login-f3bf882e9dc50107)

running 0 tests

test result: ok. 0 passed; 0 failed; 0 ignored; 0 measured; 10 filtered out; finished in 0.00s

     Running tests/login_rsa.rs (/Users/acfrazier/experiments/274bot/.worktrees/rs2b0t-multirevision/target/client/debug/deps/login_rsa-36adc0555bba7e1b)

running 0 tests

test result: ok. 0 passed; 0 failed; 0 ignored; 0 measured; 2 filtered out; finished in 0.00s

     Running tests/login_uid.rs (/Users/acfrazier/experiments/274bot/.worktrees/rs2b0t-multirevision/target/client/debug/deps/login_uid-ac2975e280bdd2ab)

running 0 tests

test result: ok. 0 passed; 0 failed; 0 ignored; 0 measured; 3 filtered out; finished in 0.00s

     Running tests/logout.rs (/Users/acfrazier/experiments/274bot/.worktrees/rs2b0t-multirevision/target/client/debug/deps/logout-1d335ba60308dca5)

running 0 tests

test result: ok. 0 passed; 0 failed; 0 ignored; 0 measured; 7 filtered out; finished in 0.00s

     Running tests/lost_con.rs (/Users/acfrazier/experiments/274bot/.worktrees/rs2b0t-multirevision/target/client/debug/deps/lost_con-56e409fb2120e0fb)

running 0 tests

test result: ok. 0 passed; 0 failed; 0 ignored; 0 measured; 4 filtered out; finished in 0.00s

     Running tests/maininit.rs (/Users/acfrazier/experiments/274bot/.worktrees/rs2b0t-multirevision/target/client/debug/deps/maininit-f0c8db1f7521ff19)

running 0 tests

test result: ok. 0 passed; 0 failed; 0 ignored; 0 measured; 14 filtered out; finished in 0.00s

     Running tests/midi.rs (/Users/acfrazier/experiments/274bot/.worktrees/rs2b0t-multirevision/target/client/debug/deps/midi-a305bf965550d570)

running 0 tests

test result: ok. 0 passed; 0 failed; 0 ignored; 0 measured; 11 filtered out; finished in 0.00s

     Running tests/minimenu.rs (/Users/acfrazier/experiments/274bot/.worktrees/rs2b0t-multirevision/target/client/debug/deps/minimenu-a50e8faa8b9d594d)

running 0 tests

test result: ok. 0 passed; 0 failed; 0 ignored; 0 measured; 27 filtered out; finished in 0.00s

     Running tests/model.rs (/Users/acfrazier/experiments/274bot/.worktrees/rs2b0t-multirevision/target/client/debug/deps/model-d3bc9dab2a2769bf)

running 0 tests

test result: ok. 0 passed; 0 failed; 0 ignored; 0 measured; 11 filtered out; finished in 0.00s

     Running tests/music.rs (/Users/acfrazier/experiments/274bot/.worktrees/rs2b0t-multirevision/target/client/debug/deps/music-0893a607bab9d9d8)

running 0 tests

test result: ok. 0 passed; 0 failed; 0 ignored; 0 measured; 13 filtered out; finished in 0.00s

     Running tests/ondemand.rs (/Users/acfrazier/experiments/274bot/.worktrees/rs2b0t-multirevision/target/client/debug/deps/ondemand-2dc79127f5ea11be)

running 0 tests

test result: ok. 0 passed; 0 failed; 0 ignored; 0 measured; 16 filtered out; finished in 0.00s

     Running tests/overlays.rs (/Users/acfrazier/experiments/274bot/.worktrees/rs2b0t-multirevision/target/client/debug/deps/overlays-4d62277883a10b85)

running 0 tests

test result: ok. 0 passed; 0 failed; 0 ignored; 0 measured; 7 filtered out; finished in 0.00s

     Running tests/packet.rs (/Users/acfrazier/experiments/274bot/.worktrees/rs2b0t-multirevision/target/client/debug/deps/packet-932df2be1d45fc78)

running 0 tests

test result: ok. 0 passed; 0 failed; 0 ignored; 0 measured; 7 filtered out; finished in 0.00s

     Running tests/player_info.rs (/Users/acfrazier/experiments/274bot/.worktrees/rs2b0t-multirevision/target/client/debug/deps/player_info-eb41aec9f5b0d385)

running 0 tests

test result: ok. 0 passed; 0 failed; 0 ignored; 0 measured; 2 filtered out; finished in 0.00s

     Running tests/present_pack.rs (/Users/acfrazier/experiments/274bot/.worktrees/rs2b0t-multirevision/target/client/debug/deps/present_pack-3297689b92430080)

running 0 tests

test result: ok. 0 passed; 0 failed; 0 ignored; 0 measured; 2 filtered out; finished in 0.00s

     Running tests/prot.rs (/Users/acfrazier/experiments/274bot/.worktrees/rs2b0t-multirevision/target/client/debug/deps/prot-5ec107e22a972331)

running 0 tests

test result: ok. 0 passed; 0 failed; 0 ignored; 0 measured; 2 filtered out; finished in 0.00s

     Running tests/rebuild.rs (/Users/acfrazier/experiments/274bot/.worktrees/rs2b0t-multirevision/target/client/debug/deps/rebuild-0b187f242392b9a4)

running 0 tests

test result: ok. 0 passed; 0 failed; 0 ignored; 0 measured; 12 filtered out; finished in 0.00s

     Running tests/render_backend.rs (/Users/acfrazier/experiments/274bot/.worktrees/rs2b0t-multirevision/target/client/debug/deps/render_backend-6d9e4ebfafb1d090)

running 0 tests

test result: ok. 0 passed; 0 failed; 0 ignored; 0 measured; 5 filtered out; finished in 0.00s

     Running tests/render_media.rs (/Users/acfrazier/experiments/274bot/.worktrees/rs2b0t-multirevision/target/client/debug/deps/render_media-016c36b52653af4a)

running 0 tests

test result: ok. 0 passed; 0 failed; 0 ignored; 0 measured; 2 filtered out; finished in 0.00s

     Running tests/revision_289_actors.rs (/Users/acfrazier/experiments/274bot/.worktrees/rs2b0t-multirevision/target/client/debug/deps/revision_289_actors-462519ef6c5453df)

running 0 tests

test result: ok. 0 passed; 0 failed; 0 ignored; 0 measured; 13 filtered out; finished in 0.00s

     Running tests/revision_289_misc.rs (/Users/acfrazier/experiments/274bot/.worktrees/rs2b0t-multirevision/target/client/debug/deps/revision_289_misc-f2f0e6545e634aae)

running 0 tests

test result: ok. 0 passed; 0 failed; 0 ignored; 0 measured; 10 filtered out; finished in 0.00s

     Running tests/revision_289_outbound.rs (/Users/acfrazier/experiments/274bot/.worktrees/rs2b0t-multirevision/target/client/debug/deps/revision_289_outbound-1bfcf8e40fc24437)

running 0 tests

test result: ok. 0 passed; 0 failed; 0 ignored; 0 measured; 27 filtered out; finished in 0.00s

     Running tests/revision_289_stage1.rs (/Users/acfrazier/experiments/274bot/.worktrees/rs2b0t-multirevision/target/client/debug/deps/revision_289_stage1-2fd550b591d930f1)

running 0 tests

test result: ok. 0 passed; 0 failed; 0 ignored; 0 measured; 47 filtered out; finished in 0.00s

     Running tests/revision_289_stage2.rs (/Users/acfrazier/experiments/274bot/.worktrees/rs2b0t-multirevision/target/client/debug/deps/revision_289_stage2-484992703d9d3e00)

running 0 tests

test result: ok. 0 passed; 0 failed; 0 ignored; 0 measured; 55 filtered out; finished in 0.00s

     Running tests/revision_289_stage3.rs (/Users/acfrazier/experiments/274bot/.worktrees/rs2b0t-multirevision/target/client/debug/deps/revision_289_stage3-1180a403fbc8241c)

running 0 tests

test result: ok. 0 passed; 0 failed; 0 ignored; 0 measured; 23 filtered out; finished in 0.00s

     Running tests/revision_289_zones.rs (/Users/acfrazier/experiments/274bot/.worktrees/rs2b0t-multirevision/target/client/debug/deps/revision_289_zones-d7c67e3aba3ca1f8)

running 0 tests

test result: ok. 0 passed; 0 failed; 0 ignored; 0 measured; 8 filtered out; finished in 0.00s

     Running tests/run_loop.rs (/Users/acfrazier/experiments/274bot/.worktrees/rs2b0t-multirevision/target/client/debug/deps/run_loop-ea38a694f38c9e25)

running 0 tests

test result: ok. 0 passed; 0 failed; 0 ignored; 0 measured; 1 filtered out; finished in 0.00s

     Running tests/seq_delay.rs (/Users/acfrazier/experiments/274bot/.worktrees/rs2b0t-multirevision/target/client/debug/deps/seq_delay-f9d418baa454031a)

running 0 tests

test result: ok. 0 passed; 0 failed; 0 ignored; 0 measured; 1 filtered out; finished in 0.00s

     Running tests/server_packets.rs (/Users/acfrazier/experiments/274bot/.worktrees/rs2b0t-multirevision/target/client/debug/deps/server_packets-f949de0077c706ad)

running 0 tests

test result: ok. 0 passed; 0 failed; 0 ignored; 0 measured; 19 filtered out; finished in 0.00s

     Running tests/social.rs (/Users/acfrazier/experiments/274bot/.worktrees/rs2b0t-multirevision/target/client/debug/deps/social-80916de8b80975a2)

running 0 tests

test result: ok. 0 passed; 0 failed; 0 ignored; 0 measured; 23 filtered out; finished in 0.00s

     Running tests/title.rs (/Users/acfrazier/experiments/274bot/.worktrees/rs2b0t-multirevision/target/client/debug/deps/title-fd49e40793b9b302)

running 0 tests

test result: ok. 0 passed; 0 failed; 0 ignored; 0 measured; 7 filtered out; finished in 0.00s

     Running tests/tutorial_presentation.rs (/Users/acfrazier/experiments/274bot/.worktrees/rs2b0t-multirevision/target/client/debug/deps/tutorial_presentation-de62ba23764dc053)

running 0 tests

test result: ok. 0 passed; 0 failed; 0 ignored; 0 measured; 5 filtered out; finished in 0.00s

     Running tests/unpack_cache.rs (/Users/acfrazier/experiments/274bot/.worktrees/rs2b0t-multirevision/target/client/debug/deps/unpack_cache-22655e2f0f617864)

running 0 tests

test result: ok. 0 passed; 0 failed; 0 ignored; 0 measured; 3 filtered out; finished in 0.00s

     Running tests/walk.rs (/Users/acfrazier/experiments/274bot/.worktrees/rs2b0t-multirevision/target/client/debug/deps/walk-eb98fc0e6a8dcb52)

running 0 tests

test result: ok. 0 passed; 0 failed; 0 ignored; 0 measured; 6 filtered out; finished in 0.00s

     Running tests/wordfilter.rs (/Users/acfrazier/experiments/274bot/.worktrees/rs2b0t-multirevision/target/client/debug/deps/wordfilter-a8f177edc29a39c0)

running 0 tests

test result: ok. 0 passed; 0 failed; 0 ignored; 0 measured; 2 filtered out; finished in 0.00s

     Running tests/wordpack.rs (/Users/acfrazier/experiments/274bot/.worktrees/rs2b0t-multirevision/target/client/debug/deps/wordpack-e0d1bb6753531628)

running 0 tests

test result: ok. 0 passed; 0 failed; 0 ignored; 0 measured; 4 filtered out; finished in 0.00s

     Running tests/world.rs (/Users/acfrazier/experiments/274bot/.worktrees/rs2b0t-multirevision/target/client/debug/deps/world-56aa587b871bbbf7)

running 0 tests

test result: ok. 0 passed; 0 failed; 0 ignored; 0 measured; 26 filtered out; finished in 0.00s

     Running tests/zone.rs (/Users/acfrazier/experiments/274bot/.worktrees/rs2b0t-multirevision/target/client/debug/deps/zone-0cc90b99adc5d0bb)

running 0 tests

test result: ok. 0 passed; 0 failed; 0 ignored; 0 measured; 45 filtered out; finished in 0.00s

   Doc-tests client

running 0 tests

test result: ok. 0 passed; 0 failed; 0 ignored; 0 measured; 0 filtered out; finished in 0.00s

